Traceback (most recent call last):
  File "/home/user/.venv/lib/python3.12/site-packages/jupyter_cache/executors/utils.py", line 58, in single_nb_execution
    executenb(
  File "/home/user/.venv/lib/python3.12/site-packages/nbclient/client.py", line 1319, in execute
    return NotebookClient(nb=nb, resources=resources, km=km, **kwargs).execute()
           ^^^^^^^^^^^^^^^^^^^^^^^^^^^^^^^^^^^^^^^^^^^^^^^^^^^^^^^^^^^^^^^^^^^^^
  File "/home/user/.venv/lib/python3.12/site-packages/jupyter_core/utils/__init__.py", line 165, in wrapped
    return loop.run_until_complete(inner)
           ^^^^^^^^^^^^^^^^^^^^^^^^^^^^^^
  File "/usr/local/lib/python3.12/asyncio/base_events.py", line 687, in run_until_complete
    return future.result()
           ^^^^^^^^^^^^^^^
  File "/home/user/.venv/lib/python3.12/site-packages/nbclient/client.py", line 709, in async_execute
    await self.async_execute_cell(
  File "/home/user/.venv/lib/python3.12/site-packages/nbclient/client.py", line 1062, in async_execute_cell
    await self._check_raise_for_error(cell, cell_index, exec_reply)
  File "/home/user/.venv/lib/python3.12/site-packages/nbclient/client.py", line 918, in _check_raise_for_error
    raise CellExecutionError.from_cell_and_msg(cell, exec_reply_content)
nbclient.exceptions.CellExecutionError: An error occurred while executing the following cell:
------------------
x = float(input("Enter a value for x: "))
y = float(input("Enter a value for y: "))
print("x is", x)
print("y is", y)
if x == y:
    print("y and x are equal")
    if y != 0:
        print("Finally, x/y is", x / y)
elif x > y:
    print("y is smaller")
else:
    print("x is smaller")
------------------


[31m---------------------------------------------------------------------------[39m
[31mStdinNotImplementedError[39m                  Traceback (most recent call last)
[36mCell[39m[36m [39m[32mIn[10][39m[32m, line 1[39m
[32m----> [39m[32m1[39m x = [38;5;28mfloat[39m([38;5;28;43minput[39;49m[43m([49m[33;43m"[39;49m[33;43mEnter a value for x: [39;49m[33;43m"[39;49m[43m)[49m)
[32m      2[39m y = [38;5;28mfloat[39m([38;5;28minput[39m([33m"[39m[33mEnter a value for y: [39m[33m"[39m))
[32m      3[39m [38;5;28mprint[39m([33m"[39m[33mx is[39m[33m"[39m, x)

[36mFile [39m[32m/home/user/.venv/lib/python3.12/site-packages/ipykernel/kernelbase.py:1281[39m, in [36mKernel.raw_input[39m[34m(self, prompt)[39m
[32m   1279[39m [38;5;28;01mif[39;00m [38;5;129;01mnot[39;00m [38;5;28mself[39m._allow_stdin:
[32m   1280[39m     msg = [33m"[39m[33mraw_input was called, but this frontend does not support input requests.[39m[33m"[39m
[32m-> [39m[32m1281[39m     [38;5;28;01mraise[39;00m StdinNotImplementedError(msg)
[32m   1282[39m [38;5;28;01mreturn[39;00m [38;5;28mself[39m._input_request(
[32m   1283[39m     [38;5;28mstr[39m(prompt),
[32m   1284[39m     [38;5;28mself[39m._parent_ident[[33m"[39m[33mshell[39m[33m"[39m],
[32m   1285[39m     [38;5;28mself[39m.get_parent([33m"[39m[33mshell[39m[33m"[39m),
[32m   1286[39m     password=[38;5;28;01mFalse[39;00m,
[32m   1287[39m )

[31mStdinNotImplementedError[39m: raw_input was called, but this frontend does not support input requests.

